// Jest Snapshot v1, https://goo.gl/fbAQLP

exports[`ArticleList should renders ArticleList 1`] = `
<div>
  <div
    class="MuiBox-root MuiBox-root-4 makeStyles-ArticleList-root-1 makeStyles-ArticleList-detailList-2"
  >
    <article
      class="MuiBox-root MuiBox-root-12 makeStyles-ArticleDetail-root-5"
    >
      <header
        class="MuiBox-root MuiBox-root-13 makeStyles-ArticleDetail-header-6"
      >
        <h3
          class="MuiTypography-root makeStyles-ArticleDetail-title-9 MuiTypography-h4 MuiTypography-colorTextPrimary"
        >
          <a
            class="MuiTypography-root MuiLink-root MuiLink-underlineNone MuiTypography-colorPrimary"
            href="/posts/mmmmmmmmm"
          >
            title4
          </a>
        </h3>
        <div
          class="MuiBox-root MuiBox-root-14 makeStyles-ArticleDetail-updated-10"
        >
          <div
            class="MuiBox-root MuiBox-root-17 makeStyles-DateUpdated-root-15"
          >
            <svg
              aria-hidden="true"
              class="MuiSvgIcon-root MuiSvgIcon-colorAction MuiSvgIcon-fontSizeSmall"
              focusable="false"
              viewBox="0 0 24 24"
            >
              <path
                d="M11.99 2C6.47 2 2 6.48 2 12s4.47 10 9.99 10C17.52 22 22 17.52 22 12S17.52 2 11.99 2zM12 20c-4.42 0-8-3.58-8-8s3.58-8 8-8 8 3.58 8 8-3.58 8-8 8z"
              />
              <path
                d="M12.5 7H11v6l5.25 3.15.75-1.23-4.5-2.67z"
              />
            </svg>
            <div
              class="MuiTypography-root makeStyles-DateUpdated-date-16 MuiTypography-body2"
            >
              <time
                datetime="2021-01-13T05:12.157Z"
              >
                2021-01-13
              </time>
            </div>
          </div>
        </div>
      </header>
      <div
        class="MuiBox-root MuiBox-root-18 makeStyles-ArticleDetail-content-7"
      >
        <div
          class="MuiBox-root MuiBox-root-19 makeStyles-ArticleDetail-thumbImage-11"
        >
          <a
            class="MuiTypography-root MuiLink-root MuiLink-underlineNone MuiTypography-colorPrimary"
            href="/posts/mmmmmmmmm"
          >
            <div
              class="makeStyles-thumb-20"
            >
              <img
                alt="thumbnail for title4"
                height="150"
                width="250"
              />
            </div>
          </a>
        </div>
      </div>
      <footer
        class="MuiBox-root MuiBox-root-21 makeStyles-ArticleDetail-footer-8"
      >
        <a
          aria-disabled="false"
          class="MuiTypography-root MuiLink-root MuiLink-underlineHover MuiButtonBase-root MuiButton-root MuiButton-text MuiButton-outlinedPrimary MuiButton-textSizeSmall MuiButton-sizeSmall MuiTypography-colorPrimary"
          href="/posts/mmmmmmmmm"
          role="button"
          style="text-transform: none;"
          tabindex="0"
        >
          <span
            class="MuiButton-label"
          >
            read more
          </span>
          <span
            class="MuiTouchRipple-root"
          />
        </a>
      </footer>
    </article>
    <article
      class="MuiBox-root MuiBox-root-22 makeStyles-ArticleDetail-root-5"
    >
      <header
        class="MuiBox-root MuiBox-root-23 makeStyles-ArticleDetail-header-6"
      >
        <h3
          class="MuiTypography-root makeStyles-ArticleDetail-title-9 MuiTypography-h4 MuiTypography-colorTextPrimary"
        >
          <a
            class="MuiTypography-root MuiLink-root MuiLink-underlineNone MuiTypography-colorPrimary"
            href="/posts/zzzzzzzzz"
          >
            title3
          </a>
        </h3>
        <div
          class="MuiBox-root MuiBox-root-24 makeStyles-ArticleDetail-updated-10"
        >
          <div
            class="MuiBox-root MuiBox-root-25 makeStyles-DateUpdated-root-15"
          >
            <svg
              aria-hidden="true"
              class="MuiSvgIcon-root MuiSvgIcon-colorAction MuiSvgIcon-fontSizeSmall"
              focusable="false"
              viewBox="0 0 24 24"
            >
              <path
                d="M11.99 2C6.47 2 2 6.48 2 12s4.47 10 9.99 10C17.52 22 22 17.52 22 12S17.52 2 11.99 2zM12 20c-4.42 0-8-3.58-8-8s3.58-8 8-8 8 3.58 8 8-3.58 8-8 8z"
              />
              <path
                d="M12.5 7H11v6l5.25 3.15.75-1.23-4.5-2.67z"
              />
            </svg>
            <div
              class="MuiTypography-root makeStyles-DateUpdated-date-16 MuiTypography-body2"
            >
              <time
                datetime="2020-12-27T04:04:30.107Z"
              >
                2020-12-27
              </time>
            </div>
          </div>
        </div>
      </header>
      <div
        class="MuiBox-root MuiBox-root-26 makeStyles-ArticleDetail-content-7"
      >
        <div
          class="MuiBox-root MuiBox-root-27 makeStyles-ArticleDetail-thumbImage-11"
        >
          <a
            class="MuiTypography-root MuiLink-root MuiLink-underlineNone MuiTypography-colorPrimary"
            href="/posts/zzzzzzzzz"
          >
            <div
              class="makeStyles-thumb-20"
            >
              <img
                alt="thumbnail for title3"
                height="150"
                width="250"
              />
            </div>
          </a>
        </div>
      </div>
      <footer
        class="MuiBox-root MuiBox-root-28 makeStyles-ArticleDetail-footer-8"
      >
        <a
          aria-disabled="false"
          class="MuiTypography-root MuiLink-root MuiLink-underlineHover MuiButtonBase-root MuiButton-root MuiButton-text MuiButton-outlinedPrimary MuiButton-textSizeSmall MuiButton-sizeSmall MuiTypography-colorPrimary"
          href="/posts/zzzzzzzzz"
          role="button"
          style="text-transform: none;"
          tabindex="0"
        >
          <span
            class="MuiButton-label"
          >
            read more
          </span>
          <span
            class="MuiTouchRipple-root"
          />
        </a>
      </footer>
    </article>
    <article
      class="MuiBox-root MuiBox-root-29 makeStyles-ArticleDetail-root-5"
    >
      <header
        class="MuiBox-root MuiBox-root-30 makeStyles-ArticleDetail-header-6"
      >
        <h3
          class="MuiTypography-root makeStyles-ArticleDetail-title-9 MuiTypography-h4 MuiTypography-colorTextPrimary"
        >
          <a
            class="MuiTypography-root MuiLink-root MuiLink-underlineNone MuiTypography-colorPrimary"
            href="/posts/yyyyyy-da"
          >
            title2
          </a>
        </h3>
        <div
          class="MuiBox-root MuiBox-root-31 makeStyles-ArticleDetail-updated-10"
        >
          <div
            class="MuiBox-root MuiBox-root-32 makeStyles-DateUpdated-root-15"
          >
            <svg
              aria-hidden="true"
              class="MuiSvgIcon-root MuiSvgIcon-colorAction MuiSvgIcon-fontSizeSmall"
              focusable="false"
              viewBox="0 0 24 24"
            >
              <path
                d="M11.99 2C6.47 2 2 6.48 2 12s4.47 10 9.99 10C17.52 22 22 17.52 22 12S17.52 2 11.99 2zM12 20c-4.42 0-8-3.58-8-8s3.58-8 8-8 8 3.58 8 8-3.58 8-8 8z"
              />
              <path
                d="M12.5 7H11v6l5.25 3.15.75-1.23-4.5-2.67z"
              />
            </svg>
            <div
              class="MuiTypography-root makeStyles-DateUpdated-date-16 MuiTypography-body2"
            >
              <time
                datetime="2020-12-26T15:29:14.476Z"
              >
                2020-12-26
              </time>
            </div>
          </div>
        </div>
      </header>
      <div
        class="MuiBox-root MuiBox-root-33 makeStyles-ArticleDetail-content-7"
      >
        <div
          class="MuiBox-root MuiBox-root-34 makeStyles-ArticleDetail-thumbImage-11"
        >
          <a
            class="MuiTypography-root MuiLink-root MuiLink-underlineNone MuiTypography-colorPrimary"
            href="/posts/yyyyyy-da"
          >
            <div
              class="makeStyles-thumb-20"
            >
              <img
                alt="thumbnail for title2"
                height="150"
                width="250"
              />
            </div>
          </a>
        </div>
      </div>
      <footer
        class="MuiBox-root MuiBox-root-35 makeStyles-ArticleDetail-footer-8"
      >
        <a
          aria-disabled="false"
          class="MuiTypography-root MuiLink-root MuiLink-underlineHover MuiButtonBase-root MuiButton-root MuiButton-text MuiButton-outlinedPrimary MuiButton-textSizeSmall MuiButton-sizeSmall MuiTypography-colorPrimary"
          href="/posts/yyyyyy-da"
          role="button"
          style="text-transform: none;"
          tabindex="0"
        >
          <span
            class="MuiButton-label"
          >
            read more
          </span>
          <span
            class="MuiTouchRipple-root"
          />
        </a>
      </footer>
    </article>
    <article
      class="MuiBox-root MuiBox-root-36 makeStyles-ArticleDetail-root-5"
    >
      <header
        class="MuiBox-root MuiBox-root-37 makeStyles-ArticleDetail-header-6"
      >
        <h3
          class="MuiTypography-root makeStyles-ArticleDetail-title-9 MuiTypography-h4 MuiTypography-colorTextPrimary"
        >
          <a
            class="MuiTypography-root MuiLink-root MuiLink-underlineNone MuiTypography-colorPrimary"
            href="/posts/xxxxxxxxx"
          >
            title1
          </a>
        </h3>
        <div
          class="MuiBox-root MuiBox-root-38 makeStyles-ArticleDetail-updated-10"
        >
          <div
            class="MuiBox-root MuiBox-root-39 makeStyles-DateUpdated-root-15"
          >
            <svg
              aria-hidden="true"
              class="MuiSvgIcon-root MuiSvgIcon-colorAction MuiSvgIcon-fontSizeSmall"
              focusable="false"
              viewBox="0 0 24 24"
            >
              <path
                d="M11.99 2C6.47 2 2 6.48 2 12s4.47 10 9.99 10C17.52 22 22 17.52 22 12S17.52 2 11.99 2zM12 20c-4.42 0-8-3.58-8-8s3.58-8 8-8 8 3.58 8 8-3.58 8-8 8z"
              />
              <path
                d="M12.5 7H11v6l5.25 3.15.75-1.23-4.5-2.67z"
              />
            </svg>
            <div
              class="MuiTypography-root makeStyles-DateUpdated-date-16 MuiTypography-body2"
            >
              <time
                datetime="2020-12-26T12:27:22.533Z"
              >
                2020-12-26
              </time>
            </div>
          </div>
        </div>
      </header>
      <div
        class="MuiBox-root MuiBox-root-40 makeStyles-ArticleDetail-content-7"
      >
        <div
          class="MuiBox-root MuiBox-root-41 makeStyles-ArticleDetail-thumbImage-11"
        >
          <a
            class="MuiTypography-root MuiLink-root MuiLink-underlineNone MuiTypography-colorPrimary"
            href="/posts/xxxxxxxxx"
          >
            <div
              class="makeStyles-thumb-20"
            >
              <img
                alt="thumbnail for title1"
                height="150"
                width="250"
              />
            </div>
          </a>
        </div>
      </div>
      <footer
        class="MuiBox-root MuiBox-root-42 makeStyles-ArticleDetail-footer-8"
      >
        <a
          aria-disabled="false"
          class="MuiTypography-root MuiLink-root MuiLink-underlineHover MuiButtonBase-root MuiButton-root MuiButton-text MuiButton-outlinedPrimary MuiButton-textSizeSmall MuiButton-sizeSmall MuiTypography-colorPrimary"
          href="/posts/xxxxxxxxx"
          role="button"
          style="text-transform: none;"
          tabindex="0"
        >
          <span
            class="MuiButton-label"
          >
            read more
          </span>
          <span
            class="MuiTouchRipple-root"
          />
        </a>
      </footer>
    </article>
  </div>
</div>
`;
