// Jest Snapshot v1, https://goo.gl/fbAQLP

exports[`SectionItem should renders Section by List  1`] = `
<div>
  <section
    class="MuiBox-root MuiBox-root-5 makeStyles-SectionItem-root-1"
  >
    <h3
      class="MuiTypography-root makeStyles-SectionItem-title-2 MuiTypography-h6"
    >
      posts
    </h3>
    <div
      class="MuiBox-root MuiBox-root-9 makeStyles-SectionContent-root-6"
    >
      <div
        class="MuiBox-root MuiBox-root-10 makeStyles-SectionContent-contentArticles-8"
      >
        <div
          class="MuiBox-root MuiBox-root-14 makeStyles-ArticleList-root-11 makeStyles-ArticleList-detailList-12"
        >
          <article
            class="MuiBox-root MuiBox-root-22 makeStyles-ArticleDetail-root-15"
          >
            <header
              class="MuiBox-root MuiBox-root-23 makeStyles-ArticleDetail-header-16"
            >
              <h3
                class="MuiTypography-root makeStyles-ArticleDetail-title-19 MuiTypography-h4 MuiTypography-colorTextPrimary"
              >
                <a
                  class="MuiTypography-root MuiLink-root MuiLink-underlineNone MuiTypography-colorPrimary"
                  href="/posts/mmmmmmmmm"
                >
                  title4
                </a>
              </h3>
              <div
                class="MuiBox-root MuiBox-root-24 makeStyles-ArticleDetail-updated-20"
              >
                <div
                  class="MuiBox-root MuiBox-root-27 makeStyles-DateUpdated-root-25"
                >
                  <svg
                    aria-hidden="true"
                    class="MuiSvgIcon-root MuiSvgIcon-colorAction MuiSvgIcon-fontSizeSmall"
                    focusable="false"
                    viewBox="0 0 24 24"
                  >
                    <path
                      d="M11.99 2C6.47 2 2 6.48 2 12s4.47 10 9.99 10C17.52 22 22 17.52 22 12S17.52 2 11.99 2zM12 20c-4.42 0-8-3.58-8-8s3.58-8 8-8 8 3.58 8 8-3.58 8-8 8z"
                    />
                    <path
                      d="M12.5 7H11v6l5.25 3.15.75-1.23-4.5-2.67z"
                    />
                  </svg>
                  <div
                    class="MuiTypography-root makeStyles-DateUpdated-date-26 MuiTypography-body2"
                  >
                    <time
                      datetime="2021-01-13T05:12.157Z"
                    >
                      2021-01-13
                    </time>
                  </div>
                </div>
              </div>
            </header>
            <div
              class="MuiBox-root MuiBox-root-28 makeStyles-ArticleDetail-content-17"
            >
              <div
                class="MuiBox-root MuiBox-root-29 makeStyles-ArticleDetail-thumbImage-21"
              >
                <a
                  class="MuiTypography-root MuiLink-root MuiLink-underlineNone MuiTypography-colorPrimary"
                  href="/posts/mmmmmmmmm"
                >
                  <div
                    class="makeStyles-thumb-30"
                  >
                    <img
                      alt="thumbnail for title4"
                      height="150"
                      width="250"
                    />
                  </div>
                </a>
              </div>
            </div>
            <footer
              class="MuiBox-root MuiBox-root-31 makeStyles-ArticleDetail-footer-18"
            >
              <a
                aria-disabled="false"
                class="MuiTypography-root MuiLink-root MuiLink-underlineHover MuiButtonBase-root MuiButton-root MuiButton-text MuiButton-outlinedPrimary MuiButton-textSizeSmall MuiButton-sizeSmall MuiTypography-colorPrimary"
                href="/posts/mmmmmmmmm"
                role="button"
                style="text-transform: none;"
                tabindex="0"
              >
                <span
                  class="MuiButton-label"
                >
                  read more
                </span>
                <span
                  class="MuiTouchRipple-root"
                />
              </a>
            </footer>
          </article>
          <article
            class="MuiBox-root MuiBox-root-32 makeStyles-ArticleDetail-root-15"
          >
            <header
              class="MuiBox-root MuiBox-root-33 makeStyles-ArticleDetail-header-16"
            >
              <h3
                class="MuiTypography-root makeStyles-ArticleDetail-title-19 MuiTypography-h4 MuiTypography-colorTextPrimary"
              >
                <a
                  class="MuiTypography-root MuiLink-root MuiLink-underlineNone MuiTypography-colorPrimary"
                  href="/posts/zzzzzzzzz"
                >
                  title3
                </a>
              </h3>
              <div
                class="MuiBox-root MuiBox-root-34 makeStyles-ArticleDetail-updated-20"
              >
                <div
                  class="MuiBox-root MuiBox-root-35 makeStyles-DateUpdated-root-25"
                >
                  <svg
                    aria-hidden="true"
                    class="MuiSvgIcon-root MuiSvgIcon-colorAction MuiSvgIcon-fontSizeSmall"
                    focusable="false"
                    viewBox="0 0 24 24"
                  >
                    <path
                      d="M11.99 2C6.47 2 2 6.48 2 12s4.47 10 9.99 10C17.52 22 22 17.52 22 12S17.52 2 11.99 2zM12 20c-4.42 0-8-3.58-8-8s3.58-8 8-8 8 3.58 8 8-3.58 8-8 8z"
                    />
                    <path
                      d="M12.5 7H11v6l5.25 3.15.75-1.23-4.5-2.67z"
                    />
                  </svg>
                  <div
                    class="MuiTypography-root makeStyles-DateUpdated-date-26 MuiTypography-body2"
                  >
                    <time
                      datetime="2020-12-27T04:04:30.107Z"
                    >
                      2020-12-27
                    </time>
                  </div>
                </div>
              </div>
            </header>
            <div
              class="MuiBox-root MuiBox-root-36 makeStyles-ArticleDetail-content-17"
            >
              <div
                class="MuiBox-root MuiBox-root-37 makeStyles-ArticleDetail-thumbImage-21"
              >
                <a
                  class="MuiTypography-root MuiLink-root MuiLink-underlineNone MuiTypography-colorPrimary"
                  href="/posts/zzzzzzzzz"
                >
                  <div
                    class="makeStyles-thumb-30"
                  >
                    <img
                      alt="thumbnail for title3"
                      height="150"
                      width="250"
                    />
                  </div>
                </a>
              </div>
            </div>
            <footer
              class="MuiBox-root MuiBox-root-38 makeStyles-ArticleDetail-footer-18"
            >
              <a
                aria-disabled="false"
                class="MuiTypography-root MuiLink-root MuiLink-underlineHover MuiButtonBase-root MuiButton-root MuiButton-text MuiButton-outlinedPrimary MuiButton-textSizeSmall MuiButton-sizeSmall MuiTypography-colorPrimary"
                href="/posts/zzzzzzzzz"
                role="button"
                style="text-transform: none;"
                tabindex="0"
              >
                <span
                  class="MuiButton-label"
                >
                  read more
                </span>
                <span
                  class="MuiTouchRipple-root"
                />
              </a>
            </footer>
          </article>
          <article
            class="MuiBox-root MuiBox-root-39 makeStyles-ArticleDetail-root-15"
          >
            <header
              class="MuiBox-root MuiBox-root-40 makeStyles-ArticleDetail-header-16"
            >
              <h3
                class="MuiTypography-root makeStyles-ArticleDetail-title-19 MuiTypography-h4 MuiTypography-colorTextPrimary"
              >
                <a
                  class="MuiTypography-root MuiLink-root MuiLink-underlineNone MuiTypography-colorPrimary"
                  href="/posts/yyyyyy-da"
                >
                  title2
                </a>
              </h3>
              <div
                class="MuiBox-root MuiBox-root-41 makeStyles-ArticleDetail-updated-20"
              >
                <div
                  class="MuiBox-root MuiBox-root-42 makeStyles-DateUpdated-root-25"
                >
                  <svg
                    aria-hidden="true"
                    class="MuiSvgIcon-root MuiSvgIcon-colorAction MuiSvgIcon-fontSizeSmall"
                    focusable="false"
                    viewBox="0 0 24 24"
                  >
                    <path
                      d="M11.99 2C6.47 2 2 6.48 2 12s4.47 10 9.99 10C17.52 22 22 17.52 22 12S17.52 2 11.99 2zM12 20c-4.42 0-8-3.58-8-8s3.58-8 8-8 8 3.58 8 8-3.58 8-8 8z"
                    />
                    <path
                      d="M12.5 7H11v6l5.25 3.15.75-1.23-4.5-2.67z"
                    />
                  </svg>
                  <div
                    class="MuiTypography-root makeStyles-DateUpdated-date-26 MuiTypography-body2"
                  >
                    <time
                      datetime="2020-12-26T15:29:14.476Z"
                    >
                      2020-12-26
                    </time>
                  </div>
                </div>
              </div>
            </header>
            <div
              class="MuiBox-root MuiBox-root-43 makeStyles-ArticleDetail-content-17"
            >
              <div
                class="MuiBox-root MuiBox-root-44 makeStyles-ArticleDetail-thumbImage-21"
              >
                <a
                  class="MuiTypography-root MuiLink-root MuiLink-underlineNone MuiTypography-colorPrimary"
                  href="/posts/yyyyyy-da"
                >
                  <div
                    class="makeStyles-thumb-30"
                  >
                    <img
                      alt="thumbnail for title2"
                      height="150"
                      width="250"
                    />
                  </div>
                </a>
              </div>
            </div>
            <footer
              class="MuiBox-root MuiBox-root-45 makeStyles-ArticleDetail-footer-18"
            >
              <a
                aria-disabled="false"
                class="MuiTypography-root MuiLink-root MuiLink-underlineHover MuiButtonBase-root MuiButton-root MuiButton-text MuiButton-outlinedPrimary MuiButton-textSizeSmall MuiButton-sizeSmall MuiTypography-colorPrimary"
                href="/posts/yyyyyy-da"
                role="button"
                style="text-transform: none;"
                tabindex="0"
              >
                <span
                  class="MuiButton-label"
                >
                  read more
                </span>
                <span
                  class="MuiTouchRipple-root"
                />
              </a>
            </footer>
          </article>
          <article
            class="MuiBox-root MuiBox-root-46 makeStyles-ArticleDetail-root-15"
          >
            <header
              class="MuiBox-root MuiBox-root-47 makeStyles-ArticleDetail-header-16"
            >
              <h3
                class="MuiTypography-root makeStyles-ArticleDetail-title-19 MuiTypography-h4 MuiTypography-colorTextPrimary"
              >
                <a
                  class="MuiTypography-root MuiLink-root MuiLink-underlineNone MuiTypography-colorPrimary"
                  href="/posts/xxxxxxxxx"
                >
                  title1
                </a>
              </h3>
              <div
                class="MuiBox-root MuiBox-root-48 makeStyles-ArticleDetail-updated-20"
              >
                <div
                  class="MuiBox-root MuiBox-root-49 makeStyles-DateUpdated-root-25"
                >
                  <svg
                    aria-hidden="true"
                    class="MuiSvgIcon-root MuiSvgIcon-colorAction MuiSvgIcon-fontSizeSmall"
                    focusable="false"
                    viewBox="0 0 24 24"
                  >
                    <path
                      d="M11.99 2C6.47 2 2 6.48 2 12s4.47 10 9.99 10C17.52 22 22 17.52 22 12S17.52 2 11.99 2zM12 20c-4.42 0-8-3.58-8-8s3.58-8 8-8 8 3.58 8 8-3.58 8-8 8z"
                    />
                    <path
                      d="M12.5 7H11v6l5.25 3.15.75-1.23-4.5-2.67z"
                    />
                  </svg>
                  <div
                    class="MuiTypography-root makeStyles-DateUpdated-date-26 MuiTypography-body2"
                  >
                    <time
                      datetime="2020-12-26T12:27:22.533Z"
                    >
                      2020-12-26
                    </time>
                  </div>
                </div>
              </div>
            </header>
            <div
              class="MuiBox-root MuiBox-root-50 makeStyles-ArticleDetail-content-17"
            >
              <div
                class="MuiBox-root MuiBox-root-51 makeStyles-ArticleDetail-thumbImage-21"
              >
                <a
                  class="MuiTypography-root MuiLink-root MuiLink-underlineNone MuiTypography-colorPrimary"
                  href="/posts/xxxxxxxxx"
                >
                  <div
                    class="makeStyles-thumb-30"
                  >
                    <img
                      alt="thumbnail for title1"
                      height="150"
                      width="250"
                    />
                  </div>
                </a>
              </div>
            </div>
            <footer
              class="MuiBox-root MuiBox-root-52 makeStyles-ArticleDetail-footer-18"
            >
              <a
                aria-disabled="false"
                class="MuiTypography-root MuiLink-root MuiLink-underlineHover MuiButtonBase-root MuiButton-root MuiButton-text MuiButton-outlinedPrimary MuiButton-textSizeSmall MuiButton-sizeSmall MuiTypography-colorPrimary"
                href="/posts/xxxxxxxxx"
                role="button"
                style="text-transform: none;"
                tabindex="0"
              >
                <span
                  class="MuiButton-label"
                >
                  read more
                </span>
                <span
                  class="MuiTouchRipple-root"
                />
              </a>
            </footer>
          </article>
        </div>
      </div>
    </div>
  </section>
</div>
`;
